2024-08-29 10:56:26,256 - INFO - run_info:配置飞书机器人 >>>
2024-08-29 10:56:27,262 - INFO - run_info:锁定微信窗口 >>>
2024-08-29 10:56:27,266 - INFO - run_info:切换微信窗口 >>>
2024-08-29 10:56:28,008 - INFO - run_info:调整微信窗口 >>>
2024-08-29 10:56:28,011 - INFO - run_info:过滤地址设置完毕 >>>
2024-08-29 10:56:28,012 - INFO - run_info:UI初始化已完成,开始监控任务 >>>
2024-08-29 10:56:28,014 - INFO - run_info:开启线程 1/5 >>> 
2024-08-29 10:56:28,016 - INFO - run_info:开启线程 2/5 >>> 
2024-08-29 10:56:28,020 - INFO - run_info:开启线程 3/5 >>> 
2024-08-29 10:56:28,021 - INFO - exec_msg_queue: 进入京东处理队列。
2024-08-29 10:56:28,021 - INFO - exec_msg_queue: 进入京东处理队列。
2024-08-29 10:56:28,021 - INFO - exec_msg_queue: 进入京东处理队列。
2024-08-29 10:56:28,022 - INFO - exec_msg_queue: 进入京东处理队列。
2024-08-29 10:56:28,022 - INFO - exec_msg_queue: 进入京东处理队列。
2024-08-29 10:56:28,022 - INFO - run_info:开启线程 4/5 >>> 
2024-08-29 10:56:28,023 - INFO - run_info:线程加载完毕 开始工作 >>> 
2024-08-29 10:56:31,620 - INFO - 2024-08-30 09:00 【】 北京市朝阳区常营马拉松体育公园 朝阳区，常营马拉松体育公园，明天九点日常保洁四个小时起，到手40一个小时
2024-08-29 10:56:31,620 - INFO - 进入京东处理队列的 朝阳区，常营马拉松体育公园，明天九点日常保洁四个小时起，到手40一个小时
2024-08-29 10:56:31,620 - INFO - exec_msg_queue: 获取到the_dict的值
2024-08-29 10:56:31,700 - INFO - location {'lng': 116.57973, 'lat': 39.936524}
2024-08-29 10:56:31,824 - INFO - 进入飞书消息队列  朝阳区，常营马拉松体育公园，明天九点日常保洁四个小时起，到手40一个小时
2024-08-29 10:56:31,824 - INFO - exec_msg_queue: 进入京东处理队列。
2024-08-29 10:56:31,825 - INFO - run_info: 当前时间可预约今日序号【5】


1.详细地址：【北京市朝阳区常营马拉松体育公园】

2.工作时间：2024-08-30 09:00

3.消息来源：【群】保洁师  ->  A北京阳光伟业15210084670

4.查询结果：
【当前时间可预约】

【08:00】
【08:30】
【09:00】*
【09:30】
【10:00】
【11:00】
【11:30】
【12:00】
【12:30】
【13:00】
【13:30】
【14:00】
【14:30】
【15:00】
【15:30】
【16:00】
【16:30】
【17:00】
【17:30】
【18:00】

5.切割消息：【
朝阳区，常营马拉松体育公园，明天九点日常保洁四个小时起，到手40一个小时
】

6.原始消息：【
[1143条] A北京阳光伟业15210084670：朝阳区，常营马拉松体育公园，明天九点日常保洁四个小时起，到手40一个小时
】

7.本次消耗：【3.8】

2024-08-29 10:59:25,200 - INFO - 2024-08-29 10:59 【】 北京市海淀区环山村小区58号楼 7.日常3小时 95 现在去 地址海淀环山村小区58号楼。；

2024-08-29 10:59:25,200 - INFO - 黑名单 7.日常3小时 95 现在去 地址海淀环山村小区58号楼。；

2024-08-29 10:59:25,200 - INFO - 2024-08-29 15:00 【】 北京市顺义区和光瑞府2期 10.日常2小时75下午3点地址顺义和光瑞府2期
2024-08-29 10:59:25,200 - INFO - 进入京东处理队列的 10.日常2小时75下午3点地址顺义和光瑞府2期
2024-08-29 10:59:25,200 - INFO - exec_msg_queue: 获取到the_dict的值
2024-08-29 10:59:25,260 - INFO - 2024-08-29 10:59 【】 北京市海淀区环山村小区58号楼 7.日常3小时 95 现在去 地址海淀环山村小区58号楼。
2024-08-29 10:59:25,260 - INFO - 黑名单 7.日常3小时 95 现在去 地址海淀环山村小区58号楼。
2024-08-29 10:59:25,260 - INFO - 2024-08-29 10:59 【】 北京市海淀区永定路东街4号院 8.日常2小时 70 十 5好评 现在去 地址海淀永定路东街4号院
2024-08-29 10:59:25,261 - INFO - 进入京东处理队列的 8.日常2小时 70 十 5好评 现在去 地址海淀永定路东街4号院
2024-08-29 10:59:25,261 - INFO - 2024-08-29 15:00 【】 北京市顺义区和光瑞府2期 10.日常2小时75下午3点地址顺义和光瑞府2期
2024-08-29 10:59:25,261 - INFO - exec_msg_queue: 获取到the_dict的值
2024-08-29 10:59:25,261 - INFO - 存在 10.日常2小时75下午3点地址顺义和光瑞府2期
2024-08-29 10:59:25,291 - INFO - location {'lng': 116.540629, 'lat': 40.08469}
2024-08-29 10:59:25,328 - INFO - location {'lng': 116.268202, 'lat': 39.905588}
2024-08-29 10:59:25,404 - INFO - 进入飞书消息队列  10.日常2小时75下午3点地址顺义和光瑞府2期
2024-08-29 10:59:25,404 - INFO - exec_msg_queue: 进入京东处理队列。
2024-08-29 10:59:25,968 - INFO - 进入飞书消息队列  8.日常2小时 70 十 5好评 现在去 地址海淀永定路东街4号院
2024-08-29 10:59:25,968 - INFO - exec_msg_queue: 进入京东处理队列。
2024-08-29 10:59:26,192 - INFO - run_info:非空闲但临近今日序号【1】【****临近****】 


1.详细地址：【北京市顺义区和光瑞府2期】

2.工作时间：2024-08-29 15:00

3.消息来源：【群】冷、保洁师  ->  勇往直前-58:7.日常3小时 95 现在去 地址海淀环山村小区58号楼。﻿8.日常2小时 70 十 5好评 现在去 地址海淀永定路东街4号院﻿10.日常2小时75下午3点地址顺义和光瑞府2期

4.查询结果：
【16:00】*
【16:30】
【17:00】
【17:30】
【18:00】
【16:00】
【16:30】
【17:00】
【17:30】
【18:00】

5.切割消息：【
10.日常2小时75下午3点地址顺义和光瑞府2期
】

6.原始消息：【
[316条]勇往直前-58:7.日常3小时 95 现在去 地址海淀环山村小区58号楼。
8.日常2小时 70 十 5好评 现在去 地址海淀永定路东街4号院
10.日常2小时75下午3点地址顺义和光瑞府2期
】

7.本次消耗：【12.4】

2024-08-29 10:59:26,198 - INFO - run_info:无可预约时间京东未通过：


1.详细地址：【北京市海淀区永定路东街4号院】

2.工作时间：2024-08-29 11:00

3.消息来源：【群】冷  ->  [316条]勇往直前-58:7.日常3小时 95 现在去 地址海淀环山村小区58号楼。8.日常2小时 70 十 5好评 现在去 地址海淀永定路东街4号院10.日常2小时75下午3点地址顺义和光瑞府2期

4.查询结果：
【无可预约时间】

5.切割消息：【
8.日常2小时 70 十 5好评 现在去 地址海淀永定路东街4号院
】

6.原始消息：【
[草稿][316条]勇往直前-58:7.日常3小时 95 现在去 地址海淀环山村小区58号楼。8.日常2小时 70 十 5好评 现在去 地址海淀永定路东街4号院10.日常2小时75下午3点地址顺义和光瑞府2期
】

7.本次消耗：【11.0】

